main.c:14:6:SetSysClock	0	static
main.c:23:6:SysTickEnable	0	static
main.c:31:6:SysTickDisable	0	static
main.c:37:6:Wait	4	static
main.c:45:9:Division	0	static
main.c:51:6:Convert_BME280_for_LCD	56	static
main.c:82:6:Convert_DS3231_for_LCD	80	static
main.c:111:6:Update_Data	48	static
main.c:130:6:EXTI0_IRQHandler	8	static
main.c:136:6:Toggle_LCD_LED	8	static
main.c:142:6:Toggle_Cursor_Blink	8	static
main.c:153:6:Change_Cursor_Pos	8	static
main.c:179:9:DECtoBCD	0	static
main.c:185:9:BCDtoDEC	0	static
main.c:191:6:Change_Value	56	static
main.c:238:6:TIM1_TRG_COM_IRQHandler	40	static,ignoring_inline_asm
main.c:282:5:main	8	static,ignoring_inline_asm
